Copyright 1986-2018 Xilinx, Inc. All Rights Reserved.
------------------------------------------------------------------------------------------------------------------------------------
| Tool Version : Vivado v.2018.1 (lin64) Build 2188600 Wed Apr  4 18:39:19 MDT 2018
| Date         : Wed Oct 30 06:56:30 2024
| Host         : RSC-Precision-T3600 running 64-bit Ubuntu 18.04.6 LTS
| Command      : report_drc -file enhancedCROwrap_drc_opted.rpt -pb enhancedCROwrap_drc_opted.pb -rpx enhancedCROwrap_drc_opted.rpx
| Design       : enhancedCROwrap
| Device       : xc7a100tcsg324-1
| Speed File   : -1
| Design State : Synthesized
------------------------------------------------------------------------------------------------------------------------------------

Report DRC

Table of Contents
-----------------
1. REPORT SUMMARY
2. REPORT DETAILS

1. REPORT SUMMARY
-----------------
            Netlist: netlist
          Floorplan: design_1
      Design limits: <entire design considered>
           Ruledeck: default
             Max violations: <unlimited>
             Violations found: 3
+-------------+----------+---------------------------------+------------+
| Rule        | Severity | Description                     | Violations |
+-------------+----------+---------------------------------+------------+
| LUTLP-2     | Warning  | Combinatorial Loop Allowed      | 1          |
| PLBUFGOPT-1 | Warning  | Non-Optimal connections to BUFG | 2          |
+-------------+----------+---------------------------------+------------+

2. REPORT DETAILS
-----------------
LUTLP-2#1 Warning
Combinatorial Loop Allowed  
2 LUT cells form a combinatorial loop. This can create a race condition. Timing analysis may not be accurate. The preferred resolution is to modify the design to remove combinatorial logic loops. This loop has been identified in the constraints as being known and understood by use of the ALLOW_COMBINATORIAL_LOOPS property on a net in the loop. The cells in the loop are: encro/nandd, encro/nandu.
Related violations: <none>

PLBUFGOPT-1#1 Warning
Non-Optimal connections to BUFG  
A non-muxed BUFG encro/lowbuf2 is driven by another global buffer encro/lowbuf1. Remove non-muxed BUFG if it is not desired
Related violations: <none>

PLBUFGOPT-1#2 Warning
Non-Optimal connections to BUFG  
A non-muxed BUFG encro/upbuf2 is driven by another global buffer encro/upbuf1. Remove non-muxed BUFG if it is not desired
Related violations: <none>


